../Core/Src/main.c:204:10:LSM6DSOTR_Init	40	static
../Core/Src/main.c:125:5:main	112	static
../Core/Src/main.c:315:10:setLEDColor	32	static
../Core/Src/main.c:336:10:updateAPA102	16	static
../Core/Src/main.c:363:10:setLEDStrip	40	static
../Core/Src/main.c:594:6:SystemClock_Config	128	static
../Core/Src/main.c:644:13:MX_I2C1_Init	8	static
../Core/Src/main.c:692:13:MX_SPI1_Init	8	static
../Core/Src/main.c:730:13:MX_USART1_UART_Init	8	static
../Core/Src/main.c:765:13:MX_GPIO_Init	48	static
../Core/Src/main.c:802:6:HAL_GPIO_EXTI_Callback	16	static
../Core/Src/main.c:863:6:Error_Handler	8	static,ignoring_inline_asm
