../Core/Src/main.c:200:10:setLEDColor	32	static
../Core/Src/main.c:119:5:main	112	static
../Core/Src/main.c:221:10:updateAPA102	16	static
../Core/Src/main.c:248:10:setLEDStrip	40	static
../Core/Src/main.c:414:6:SystemClock_Config	128	static
../Core/Src/main.c:464:13:MX_I2C1_Init	8	static
../Core/Src/main.c:512:13:MX_SPI1_Init	8	static
../Core/Src/main.c:550:13:MX_USART1_UART_Init	8	static
../Core/Src/main.c:585:13:MX_GPIO_Init	48	static
../Core/Src/main.c:622:6:HAL_GPIO_EXTI_Callback	16	static
../Core/Src/main.c:682:6:Error_Handler	8	static,ignoring_inline_asm
