../Core/Src/main.c:198:10:LSM6DSOTR_Init	1
../Core/Src/main.c:119:5:main	4
../Core/Src/main.c:294:10:setLEDColor	2
../Core/Src/main.c:315:10:updateAPA102	1
../Core/Src/main.c:342:10:setLEDStrip	2
../Core/Src/main.c:581:6:SystemClock_Config	4
../Core/Src/main.c:631:13:MX_I2C1_Init	4
../Core/Src/main.c:679:13:MX_SPI1_Init	2
../Core/Src/main.c:717:13:MX_USART1_UART_Init	2
../Core/Src/main.c:752:13:MX_GPIO_Init	1
../Core/Src/main.c:789:6:HAL_GPIO_EXTI_Callback	2
../Core/Src/main.c:850:6:Error_Handler	1
